st7735.c:123:13:ST7735_GPIO_Init	4	static
st7735.c:141:13:ST7735_Reset	8	static
st7735.c:148:13:ST7735_WriteCommand	16	static
st7735.c:159:13:ST7735_WriteData	16	static
st7735.c:170:13:ST7735_ExecuteCommandList	24	static
st7735.c:200:13:ST7735_SetAddressWindow	32	static
st7735.c:217:13:ST7735_WriteChar	48	static
st7735.c:242:6:ST7735_Init	8	static
st7735.c:253:6:ST7735_DrawPixel	24	static
st7735.c:267:6:ST7735_DrawString	32	static
st7735.c:297:6:ST7735_FillRectangle	32	static
st7735.c:324:6:ST7735_FillScreen	24	static
st7735.c:329:6:ST7735_DrawImage	24	static
st7735.c:341:6:ST7735_InvertColors	16	static
st7735.c:348:6:ST7735_Backlight_On	8	static
st7735.c:353:6:ST7735_Backlight_Off	8	static
st7735.c:362:6:ST7735_DrawCircle	32	static
st7735.c:402:6:ST7735_DrawCircleHelper	32	static
st7735.c:448:6:ST7735_FillCircle	32	static
st7735.c:459:6:ST7735_FillCircleHelper	32	static
st7735.c:496:6:ST7735_DrawEllipse	48	static
st7735.c:540:6:ST7735_FillEllipse	48	static
st7735.c:584:6:ST7735_DrawRect	24	static
st7735.c:597:6:ST7735_DrawRoundRect	32	static
st7735.c:616:6:ST7735_FillRoundRect	32	static
st7735.c:631:6:ST7735_DrawTriangle	32	static
st7735.c:643:6:ST7735_FillTriangle	64	static
st7735.c:726:6:ST7735_DrawLine	48	static
st7735.c:780:6:ST7735_DrawFastVLine	32	static
st7735.c:793:6:ST7735_DrawFastHLine	32	static
st7735.c:806:6:ST7735_SetRotation	24	static
st7735.c:860:9:ST7735_GetRotation	4	static
st7735.c:865:9:ST7735_GetHeight	4	static
st7735.c:870:9:ST7735_GetWidth	4	static
